{
    "input": {
        "content": [
            "Samplesheet_single_end.tsv:md5,71bcb9920b1187571ba9e2a5759ee4a5"
        ],
        "timestamp": "2023-05-28T20:35:33+0000"
    },
    "cutadapt": {
        "content": [
            "cutadapt_summary.tsv:md5,5e5bfa4a7324a44f6d9e3cb0978ca291"
        ],
        "timestamp": "2023-05-28T20:35:33+0000"
    },
    "software_versions": {
        "content": [
            "{BARRNAP={barrnap=0.9}, CUSTOM_DUMPSOFTWAREVERSIONS={python=3.11.0, yaml=6.0}, CUTADAPT_BASIC={cutadapt=3.4}, DADA2_DENOISING={R=4.1.1, dada2=1.22.0}, DADA2_FILTNTRIM={R=4.1.1, dada2=1.22.0}, DADA2_QUALITY1={R=4.1.1, ShortRead=1.52.0, dada2=1.22.0}, DADA2_TAXONOMY={R=4.1.1, dada2=1.22.0}, FASTQC={fastqc=0.11.9}, RENAME_RAW_DATA_FILES={sed=4.7}, Workflow={nf-core/ampliseq=2.6.0dev}}"
        ],
        "timestamp": "2023-05-28T20:35:33+0000"
    },
    "overall_summary_tsv": {
        "content": [
            "overall_summary.tsv:md5,0feea9a92fde36cbf63dba6e63617c7e"
        ],
        "timestamp": "2023-05-28T20:35:33+0000"
    },
    "dada2": {
        "content": [
            "ASV_seqs.fasta:md5,d452ff8b8a306b52ffc6db7e4396c6db",
            "ASV_table.tsv:md5,a1226d8573fc0595161d4b2b5ac63cac",
            "ref_taxonomy.rdp_18.txt:md5,815c4fce9f3d1de019fb995a43fb66ed",
            "DADA2_stats.tsv:md5,8386cc209c1f64237deeec79f75b075b",
            "DADA2_table.rds:md5,aefd24f6ac2753a43baca19a93c4e2ee",
            "DADA2_table.tsv:md5,3e5280fd5b36c943c0148c4d5b50cb65"
        ],
        "timestamp": "2023-05-28T20:35:33+0000"
    },
    "barrnap": {
        "content": [
            "rrna.arc.gff:md5,7ba69096ac8690260dcb2139ba2d9d82",
            "rrna.bac.gff:md5,15c5fa3b75684c42d60174b77fa87a09",
            "rrna.euk.gff:md5,1978664ae39a761f9082ae605c026182",
            "rrna.mito.gff:md5,df19e1b84ba6f691d20c72b397c88abf"
        ],
        "timestamp": "2023-05-28T20:35:33+0000"
    },
    "multiqc": {
        "content": [
            "multiqc_fastqc.txt:md5,0ea2e6e2d327d66e778e9ff5d03d933b",
            "multiqc_general_stats.txt:md5,5040629a246bb3288879d3d30e9d6f40",
            "multiqc_cutadapt.txt:md5,48d079bea04fe93d260b980c15793a0c"
        ],
        "timestamp": "2023-05-28T20:35:33+0000"
    }
}